 GET /api/itu/curriculum/faculties 200 in 1534ms (next.js: 1244ms, proxy.ts: 6ms, application-code: 285ms)
 GET /api/itu/curriculum/programs?facultyId=28&planType=undergraduate 200 in 437ms (next.js: 261ms, proxy.ts: 3ms, application-code: 173ms)
 GET /api/itu/curriculum/plans?programCode=BLGE_LS&planType=undergraduate 200 in 451ms (next.js: 226ms, proxy.ts: 4ms, application-code: 221ms)
 GET /api/itu/curriculum/programs?facultyId=10&planType=cap&primaryProgramCode=BLGE_LS 200 in 699ms (next.js: 4ms, proxy.ts: 3ms, application-code: 691ms)
 GET /api/itu/curriculum/plans?programCode=ECNE_LS&planType=cap&primaryProgramCode=BLGE_LS 200 in 187ms (next.js: 3ms, proxy.ts: 7ms, application-code: 177ms)
 GET /api/itu/curriculum/programs?facultyId=1&planType=yandal&primaryProgramCode=BLGE_LS 200 in 1297ms (next.js: 3ms, proxy.ts: 3ms, application-code: 1290ms)
 GET /api/itu/curriculum/plans?programCode=FIZ_YD&planType=yandal&primaryProgramCode=BLGE_LS 400 in 12ms (next.js: 1.9ms, proxy.ts: 5ms, application-code: 4ms)
 POST /profile 200 in 1534ms (next.js: 198ms, proxy.ts: 180ms, application-code: 1156ms)
 GET /graduation-calculator 200 in 944ms (next.js: 667ms, proxy.ts: 3ms, application-code: 275ms)
 GET /api/itu/curriculum/2256?programCode=ECNE_LS&planType=cap&primaryProgramCode=BLGE_LS 200 in 2.2s (next.js: 732ms, proxy.ts: 5ms, application-code: 1460ms)
 GET /api/itu/curriculum/1562?programCode=BLGE_LS&planType=undergraduate 200 in 2.6s (next.js: 732ms, proxy.ts: 5ms, application-code: 1894ms)
 GET /graduation-calculator 200 in 360ms (next.js: 59ms, proxy.ts: 3ms, application-code: 298ms)
 GET /api/itu/curriculum/1562?programCode=BLGE_LS&planType=undergraduate 200 in 578ms (next.js: 5ms, proxy.ts: 3ms, application-code: 570ms)
 GET /api/itu/curriculum/2256?programCode=ECNE_LS&planType=cap&primaryProgramCode=BLGE_LS 200 in 697ms (next.js: 9ms, proxy.ts: 3ms, application-code: 684ms)
 GET /curriculum 200 in 819ms (next.js: 552ms, proxy.ts: 3ms, application-code: 264ms)
 GET /api/itu/branches 200 in 608ms (next.js: 335ms, proxy.ts: 2ms, application-code: 270ms)
 GET /curriculum?program=BLGE_LS&plan=1562 200 in 882ms (next.js: 756ms, proxy.ts: 106ms, application-code: 19ms)
 GET /api/itu/curriculum/plans?programCode=BLGE_LS&planType=undergraduate 200 in 1060ms (next.js: 631ms, proxy.ts: 106ms, application-code: 323ms)
 GET /api/itu/curriculum/1562?programCode=BLGE_LS&planType=undergraduate 200 in 1518ms (next.js: 631ms, proxy.ts: 106ms, application-code: 781ms)
 GET /curriculum?program=BLGE_LS&plan=1562 200 in 248ms (next.js: 61ms, proxy.ts: 8ms, application-code: 179ms)
 GET /semester-planner 200 in 1120ms (next.js: 833ms, proxy.ts: 4ms, application-code: 283ms)
 GET /api/itu/branches 200 in 898ms (next.js: 745ms, proxy.ts: 4ms, application-code: 148ms)
 GET /api/itu/curriculum/1562?programCode=BLGE_LS&planType=undergraduate 200 in 1441ms (next.js: 745ms, proxy.ts: 4ms, application-code: 692ms)
 GET /api/itu/curriculum/2256?programCode=ECNE_LS&planType=cap&primaryProgramCode=BLGE_LS 200 in 1567ms (next.js: 745ms, proxy.ts: 4ms, application-code: 817ms)
 GET /api/itu/courses?branchId=227&branchCode=ALM 200 in 687ms (next.js: 474ms, proxy.ts: 3ms, application-code: 211ms)
 GET /api/itu/courses?branchId=43&branchCode=ATA 200 in 867ms (next.js: 98ms, proxy.ts: 474ms, application-code: 294ms)
 GET /api/itu/courses?branchId=245&branchCode=CIN 200 in 425ms (next.js: 3ms, proxy.ts: 124ms, application-code: 298ms)
 GET /api/itu/courses?branchId=305&branchCode=ARB 200 in 880ms (next.js: 95ms, proxy.ts: 474ms, application-code: 311ms)
 GET /api/itu/courses?branchId=232&branchCode=ECN 200 in 200ms (next.js: 0.6ms, proxy.ts: 1.8ms, application-code: 197ms)
 GET /api/itu/courses?branchId=3&branchCode=BLG 200 in 458ms (next.js: 0.9ms, proxy.ts: 124ms, application-code: 333ms)
 GET /api/itu/courses?branchId=243&branchCode=DAN 200 in 473ms (next.js: 5ms, proxy.ts: 124ms, application-code: 344ms)
 GET /api/itu/courses?branchId=196&branchCode=EHB 200 in 254ms (next.js: 23ms, proxy.ts: 13ms, application-code: 218ms)
 GET /api/itu/courses?branchId=226&branchCode=FRA 200 in 252ms (next.js: 13ms, proxy.ts: 28ms, application-code: 212ms)
 GET /api/itu/courses?branchId=39&branchCode=EKO 200 in 258ms (next.js: 25ms, proxy.ts: 4ms, application-code: 229ms)
 GET /api/itu/courses?branchId=41&branchCode=HUK 200 in 249ms (next.js: 0.9ms, proxy.ts: 16ms, application-code: 232ms)
 GET /api/itu/courses?branchId=28&branchCode=FIZ 200 in 347ms (next.js: 9ms, proxy.ts: 28ms, application-code: 311ms)
 GET /api/itu/courses?branchId=33&branchCode=ING 200 in 384ms (next.js: 0.6ms, proxy.ts: 3ms, application-code: 380ms)
 GET /api/itu/courses?branchId=228&branchCode=ISP 200 in 202ms (next.js: 1.0ms, proxy.ts: 6ms, application-code: 195ms)
 GET /api/itu/courses?branchId=255&branchCode=ITA 200 in 209ms (next.js: 3ms, proxy.ts: 6ms, application-code: 201ms)
 GET /api/itu/courses?branchId=14&branchCode=ISL 200 in 264ms (next.js: 1.3ms, proxy.ts: 13ms, application-code: 249ms)
 GET /api/itu/courses?branchId=50&branchCode=ITB 200 in 287ms (next.js: 1.2ms, proxy.ts: 73ms, application-code: 212ms)
 GET /api/itu/courses?branchId=202&branchCode=JPN 200 in 252ms (next.js: 71ms, proxy.ts: 4ms, application-code: 178ms)
 GET /api/itu/courses?branchId=333&branchCode=KOR 200 in 147ms (next.js: 0.8ms, proxy.ts: 9ms, application-code: 137ms)
 GET /api/itu/courses?branchId=58&branchCode=KON 200 in 212ms (next.js: 0.6ms, proxy.ts: 1.2ms, application-code: 211ms)
 GET /api/itu/courses?branchId=48&branchCode=MAL 200 in 183ms (next.js: 0.5ms, proxy.ts: 3ms, application-code: 180ms)
 GET /api/itu/courses?branchId=26&branchCode=MAT 200 in 211ms (next.js: 0.6ms, proxy.ts: 1.3ms, application-code: 209ms)
 GET /api/itu/courses?branchId=237&branchCode=RUS 200 in 159ms (next.js: 0.6ms, proxy.ts: 1.2ms, application-code: 157ms)
 GET /api/itu/courses?branchId=193&branchCode=SNT 200 in 186ms (next.js: 1.1ms, proxy.ts: 2ms, application-code: 183ms)
 GET /api/itu/courses?branchId=34&branchCode=TUR 200 in 207ms (next.js: 3ms, proxy.ts: 1.7ms, application-code: 202ms)
 GET /api/itu/courses?branchId=221&branchCode=YZV 200 in 196ms (next.js: 0.7ms, proxy.ts: 5ms, application-code: 190ms)
 GET /generator 200 in 882ms (next.js: 844ms, proxy.ts: 2ms, application-code: 36ms)
 GET /api/itu/branches 200 in 111ms (next.js: 0.5ms, proxy.ts: 107ms, application-code: 4ms)
 GET /api/itu/courses?branchId=3&branchCode=BLG 200 in 621ms (next.js: 357ms, proxy.ts: 3ms, application-code: 261ms)
 GET /api/itu/courses?branchId=232&branchCode=ECN 200 in 632ms (next.js: 358ms, proxy.ts: 1.8ms, application-code: 272ms)
 GET /api/itu/courses?branchId=26&branchCode=MAT 200 in 681ms (next.js: 114ms, proxy.ts: 358ms, application-code: 208ms)
 GET /api/itu/courses?branchId=28&branchCode=FIZ 200 in 1272ms (next.js: 2ms, proxy.ts: 471ms, application-code: 798ms)
 GET /weekly-planner?program=program-1791211029069-23u68s 200 in 387ms (next.js: 353ms, proxy.ts: 5ms, application-code: 28ms)
 GET /api/itu/branches 200 in 14ms (next.js: 2ms, proxy.ts: 1.4ms, application-code: 11ms)
 GET /api/itu/branches 200 in 5ms (next.js: 0.7ms, proxy.ts: 1.5ms, application-code: 3ms)
 GET /api/itu/courses?branchId=232&branchCode=ECN 200 in 298ms (next.js: 4ms, proxy.ts: 3ms, application-code: 291ms)
 GET /api/itu/courses?branchId=3&branchCode=BLG 200 in 329ms (next.js: 82ms, proxy.ts: 3ms, application-code: 244ms)
 GET /api/itu/courses?branchId=26&branchCode=MAT 200 in 390ms (next.js: 85ms, proxy.ts: 3ms, application-code: 302ms)
 GET /api/itu/courses?branchId=28&branchCode=FIZ 200 in 481ms (next.js: 3ms, proxy.ts: 86ms, application-code: 392ms)
 GET /weekly-planner?program=program-1791211029069-23u68s 200 in 349ms (next.js: 1.8ms, proxy.ts: 3ms, application-code: 344ms)
 GET /api/itu/branches 200 in 6ms (next.js: 0.8ms, proxy.ts: 1.7ms, application-code: 3ms)
 GET /api/itu/branches 200 in 4ms (next.js: 0.6ms, proxy.ts: 1.4ms, application-code: 2ms)
 GET /api/itu/courses?branchId=3&branchCode=BLG 200 in 126ms (next.js: 3ms, proxy.ts: 3ms, application-code: 119ms)
 GET /api/itu/courses?branchId=28&branchCode=FIZ 200 in 129ms (next.js: 8ms, proxy.ts: 3ms, application-code: 119ms)
 GET /api/itu/courses?branchId=232&branchCode=ECN 200 in 130ms (next.js: 0.9ms, proxy.ts: 3ms, application-code: 127ms)
 GET /api/itu/courses?branchId=26&branchCode=MAT 200 in 132ms (next.js: 6ms, proxy.ts: 3ms, application-code: 123ms)
 GET /generator 200 in 228ms (next.js: 11ms, proxy.ts: 1.8ms, application-code: 215ms)
 GET /api/itu/branches 200 in 6ms (next.js: 0.8ms, proxy.ts: 1.7ms, application-code: 3ms)
 GET /api/itu/branches 200 in 5ms (next.js: 0.8ms, proxy.ts: 1.4ms, application-code: 2ms)
 GET /api/itu/courses?branchId=28&branchCode=FIZ 200 in 132ms (next.js: 6ms, proxy.ts: 3ms, application-code: 124ms)
 GET /api/itu/courses?branchId=3&branchCode=BLG 200 in 141ms (next.js: 3ms, proxy.ts: 3ms, application-code: 135ms)
 GET /api/itu/courses?branchId=232&branchCode=ECN 200 in 142ms (next.js: 0.9ms, proxy.ts: 3ms, application-code: 139ms)
 GET /api/itu/courses?branchId=26&branchCode=MAT 200 in 143ms (next.js: 4ms, proxy.ts: 3ms, application-code: 136ms)
 GET /weekly-planner 200 in 171ms (next.js: 3ms, proxy.ts: 3ms, application-code: 165ms)
 GET /api/itu/branches 200 in 5ms (next.js: 0.7ms, proxy.ts: 1.7ms, application-code: 3ms)
 GET /api/itu/branches 200 in 5ms (next.js: 1.0ms, proxy.ts: 1.4ms, application-code: 3ms)
 GET /api/itu/courses?branchId=232&branchCode=ECN 200 in 113ms (next.js: 3ms, proxy.ts: 4ms, application-code: 106ms)
 GET /api/itu/courses?branchId=3&branchCode=BLG 200 in 159ms (next.js: 7ms, proxy.ts: 4ms, application-code: 147ms)
 GET /api/itu/courses?branchId=28&branchCode=FIZ 200 in 161ms (next.js: 4ms, proxy.ts: 13ms, application-code: 145ms)
 GET /api/itu/courses?branchId=26&branchCode=MAT 200 in 165ms (next.js: 10ms, proxy.ts: 5ms, application-code: 150ms)
 GET /api/itu/curriculum/programs?facultyId=28&planType=undergraduate 200 in 1226ms (next.js: 732ms, proxy.ts: 4ms, application-code: 490ms)
 GET /api/itu/curriculum/plans?programCode=BLGE_LS&planType=undergraduate 200 in 1368ms (next.js: 732ms, proxy.ts: 4ms, application-code: 632ms)
 GET /api/itu/curriculum/plans?programCode=ECNE_LS&planType=cap&primaryProgramCode=BLGE_LS 200 in 1450ms (next.js: 732ms, proxy.ts: 4ms, application-code: 714ms)
 GET /api/itu/curriculum/faculties 200 in 913ms (next.js: 6ms, proxy.ts: 196ms, application-code: 711ms)
 GET /api/itu/curriculum/programs?facultyId=10&planType=cap&primaryProgramCode=BLGE_LS 200 in 2.2s (next.js: 732ms, proxy.ts: 4ms, application-code: 1493ms)
 GET /api/itu/curriculum/plans?programCode=BLGE_LS&planType=undergraduate 200 in 794ms (next.js: 7ms, proxy.ts: 82ms, application-code: 706ms)
 GET /api/itu/curriculum/plans?programCode=ECNE_LS&planType=cap&primaryProgramCode=BLGE_LS 200 in 875ms (next.js: 8ms, proxy.ts: 82ms, application-code: 785ms)
 GET /api/itu/curriculum/programs?facultyId=28&planType=undergraduate 200 in 954ms (next.js: 9ms, proxy.ts: 82ms, application-code: 863ms)
 GET /api/itu/curriculum/plans?programCode=BLGE_LS&planType=undergraduate 200 in 365ms (next.js: 6ms, proxy.ts: 4ms, application-code: 355ms)
 GET /api/itu/curriculum/plans?programCode=ECNE_LS&planType=cap&primaryProgramCode=BLGE_LS 200 in 445ms (next.js: 7ms, proxy.ts: 4ms, application-code: 434ms)
 GET /api/itu/curriculum/programs?facultyId=28&planType=undergraduate 200 in 527ms (next.js: 8ms, proxy.ts: 4ms, application-code: 514ms)
 GET /api/itu/curriculum/programs?facultyId=10&planType=cap&primaryProgramCode=BLGE_LS 200 in 1404ms (next.js: 1.5ms, proxy.ts: 7ms, application-code: 1396ms)
 GET /api/itu/curriculum/plans?programCode=ECNE_LS&planType=cap&primaryProgramCode=BLGE_LS 200 in 693ms (next.js: 6ms, proxy.ts: 9ms, application-code: 677ms)
 GET /api/itu/curriculum/programs?facultyId=10&planType=cap&primaryProgramCode=BLGE_LS 200 in 672ms (next.js: 1.9ms, proxy.ts: 3ms, application-code: 667ms)
 GET /api/itu/curriculum/programs?facultyId=10&planType=cap&primaryProgramCode=BLGE_LS 200 in 608ms (next.js: 1.6ms, proxy.ts: 3ms, application-code: 603ms)
 GET /api/itu/curriculum/programs?facultyId=1&planType=undergraduate 200 in 163ms (next.js: 1.9ms, proxy.ts: 4ms, application-code: 156ms)
 GET /weekly-planner 200 in 318ms (next.js: 12ms, proxy.ts: 2ms, application-code: 304ms)
 GET /api/itu/branches 503 in 32ms (next.js: 0.7ms, proxy.ts: 29ms, application-code: 1.5ms)
 GET /weekly-planner 200 in 189ms (next.js: 30ms, proxy.ts: 4ms, application-code: 156ms)
