
> simplify@0.1.0 test:run
> vitest run tests/quality/english-credit-audit.test.ts


 RUN  v4.1.9 /Users/remreozkaya/Desktop/Portfolio/simplify

(node:17256) [DEP0205] DeprecationWarning: `module.register()` is deprecated. Use `module.registerHooks()` instead.
(Use `node --trace-deprecation ...` to show where the warning was created)
 ❯ tests/quality/english-credit-audit.test.ts (1 test | 1 failed) 11ms
   × counts source English language credits in the graduation audit 11ms

⎯⎯⎯⎯⎯⎯⎯ Failed Tests 1 ⎯⎯⎯⎯⎯⎯⎯

 FAIL  tests/quality/english-credit-audit.test.ts > counts source English language credits in the graduation audit
AssertionError: expected { requiredCourses: 3, …(5) } to match object { earnedEnglishCredit: 4, …(1) }
(4 matching properties omitted from actual)

- Expected
+ Received

  {
-   "earnedEnglishCredit": 4,
-   "requiredEnglishCredit": 8.5,
+   "earnedEnglishCredit": 0,
+   "requiredEnglishCredit": 0,
  }

 ❯ tests/quality/english-credit-audit.test.ts:14:49
     12|   const progress = applyTranscriptImport(curriculum,emptyProgress(1562…
     13|   // Source fixture marks Mathematics I (4) and Programming (4.5) Engl…
     14|   expect(curriculumTotals(curriculum,progress)).toMatchObject({earnedE…
       |                                                 ^
     15| });
     16|

⎯⎯⎯⎯⎯⎯⎯⎯⎯⎯⎯⎯⎯⎯⎯⎯⎯⎯⎯⎯⎯⎯⎯⎯[1/1]⎯


 Test Files  1 failed (1)
      Tests  1 failed (1)
   Start at  17:31:56
   Duration  283ms (transform 50ms, setup 0ms, import 166ms, tests 11ms, environment 0ms)
