 GET /api/itu/curriculum/plans?programCode=ECNE_LS&planType=cap&primaryProgramCode=BLGE_LS 200 in 2.7s (next.js: 1690ms, proxy.ts: 8ms, application-code: 1019ms)
 GET /api/itu/curriculum/programs?facultyId=28&planType=undergraduate 200 in 2.8s (next.js: 1690ms, proxy.ts: 8ms, application-code: 1118ms)
 GET /api/itu/curriculum/plans?programCode=BLGE_LS&planType=undergraduate 200 in 2.9s (next.js: 1690ms, proxy.ts: 8ms, application-code: 1197ms)
 GET /api/itu/curriculum/faculties 200 in 1606ms (next.js: 12ms, proxy.ts: 467ms, application-code: 1126ms)
 GET /api/itu/curriculum/programs?facultyId=10&planType=cap&primaryProgramCode=BLGE_LS 200 in 3.8s (next.js: 1690ms, proxy.ts: 8ms, application-code: 2.1s)
 GET /api/itu/curriculum/plans?programCode=ECNE_LS&planType=cap&primaryProgramCode=BLGE_LS 200 in 965ms (next.js: 8ms, proxy.ts: 100ms, application-code: 857ms)
 GET /api/itu/curriculum/programs?facultyId=28&planType=undergraduate 200 in 1041ms (next.js: 11ms, proxy.ts: 100ms, application-code: 931ms)
 GET /api/itu/curriculum/plans?programCode=BLGE_LS&planType=undergraduate 200 in 1033ms (next.js: 8ms, proxy.ts: 40ms, application-code: 985ms)
 GET /api/itu/curriculum/plans?programCode=ECNE_LS&planType=cap&primaryProgramCode=BLGE_LS 200 in 473ms (next.js: 2ms, proxy.ts: 91ms, application-code: 380ms)
 GET /api/itu/curriculum/programs?facultyId=28&planType=undergraduate 200 in 552ms (next.js: 4ms, proxy.ts: 91ms, application-code: 457ms)
 GET /api/itu/curriculum/plans?programCode=BLGE_LS&planType=undergraduate 200 in 553ms (next.js: 3ms, proxy.ts: 11ms, application-code: 540ms)
 GET /api/itu/curriculum/programs?facultyId=10&planType=cap&primaryProgramCode=BLGE_LS 200 in 1380ms (next.js: 3ms, proxy.ts: 7ms, application-code: 1371ms)
 GET /api/itu/curriculum/plans?programCode=BLGE_LS&planType=undergraduate 200 in 658ms (next.js: 6ms, proxy.ts: 10ms, application-code: 642ms)
 GET /api/itu/curriculum/programs?facultyId=10&planType=cap&primaryProgramCode=BLGE_LS 200 in 726ms (next.js: 1.9ms, proxy.ts: 3ms, application-code: 721ms)
 GET /api/itu/curriculum/programs?facultyId=10&planType=cap&primaryProgramCode=BLGE_LS 200 in 668ms (next.js: 0.8ms, proxy.ts: 2ms, application-code: 665ms)
 GET /api/itu/curriculum/programs?facultyId=1&planType=yandal&primaryProgramCode=BLGE_LS 200 in 1113ms (next.js: 1.0ms, proxy.ts: 2.0ms, application-code: 1110ms)
 GET /api/itu/curriculum/plans?programCode=FIZ_YD&planType=yandal&primaryProgramCode=BLGE_LS 200 in 147ms (next.js: 1.2ms, proxy.ts: 2ms, application-code: 143ms)
 POST /profile 200 in 1185ms (next.js: 1.1ms, proxy.ts: 4ms, application-code: 1179ms)
 GET /graduation-calculator 200 in 845ms (next.js: 559ms, proxy.ts: 3ms, application-code: 284ms)
 GET /api/itu/curriculum/2256?programCode=ECNE_LS&planType=cap&primaryProgramCode=BLGE_LS 200 in 2.6s (next.js: 572ms, proxy.ts: 154ms, application-code: 1869ms)
 GET /api/itu/curriculum/1920?programCode=FIZ_YD&planType=yandal&primaryProgramCode=BLGE_LS 200 in 2.8s (next.js: 572ms, proxy.ts: 154ms, application-code: 2.1s)
 GET /api/itu/curriculum/1562?programCode=BLGE_LS&planType=undergraduate 200 in 3.7s (next.js: 572ms, proxy.ts: 154ms, application-code: 2.9s)
