
> simplify@0.1.0 build
> next build --webpack

▲ Next.js 16.3.3 (webpack)
- Environments: .env.local
✓ Running next.config.ts took 12ms

  Creating an optimized production build ...
(node:18614) [DEP0205] DeprecationWarning: `module.register()` is deprecated. Use `module.registerHooks()` instead.
(Use `node --trace-deprecation ...` to show where the warning was created)
✓ Compiled successfully in 4.0s
  Running TypeScript ...
  Finished TypeScript in 8.4s ...
  Collecting page data using 11 workers ...
  Generating static pages using 11 workers (0/14) ...
  Generating static pages using 11 workers (3/14)
  Generating static pages using 11 workers (6/14)
  Generating static pages using 11 workers (10/14)
✓ Generating static pages using 11 workers (14/14) in 171ms
  Finalizing page optimization ...
  Collecting build traces ...

Route (app)
┌ ƒ /
├ ○ /_not-found
├ ƒ /api/itu/branches
├ ƒ /api/itu/courses
├ ƒ /api/itu/curriculum/[planId]
├ ƒ /api/itu/curriculum/faculties
├ ƒ /api/itu/curriculum/plans
├ ƒ /api/itu/curriculum/programs
├ ƒ /auth/callback
├ ƒ /curriculum
├ ƒ /forgot-password
├ ƒ /generator
├ ƒ /graduation-calculator
├ ○ /legal
├   /legal/[document]
│ ├ ● /legal/privacy
│ ├ ● /legal/storage
│ ├ ● /legal/terms
│ └ ● /legal/requests
├ ƒ /login
├ ƒ /profile
├ ƒ /reset-password
├ ƒ /semester-planner
├ ƒ /signup
├ ƒ /verify-email
└ ƒ /weekly-planner


ƒ Proxy (Middleware)

○  (Static)   prerendered as static content
●  (SSG)      prerendered as static HTML (uses generateStaticParams)
ƒ  (Dynamic)  server-rendered on demand
