
> simplify@0.1.0 build:production
> npm run legal:check && npm run build


> simplify@0.1.0 legal:check
> node scripts/check-legal-readiness.mjs

Legal production readiness FAILED. Missing facts/reviews (no secret values shown):
- operator.controllerName
- operator.postalAddress
- operator.privacyEmail
- operator.effectiveDate
- operator.hosting.name
- operator.hosting.locations
- operator.authentication.locations
- operator.email.name
- operator.email.locations
- operator.retention.account.tr
- operator.retention.account.en
- operator.retention.logs.tr
- operator.retention.logs.en
- operator.retention.requests.tr
- operator.retention.requests.en
- operator.retention.backups.tr
- operator.retention.backups.en
- operator.transferDisclosure.tr
- operator.transferDisclosure.en
- operator.reviews.legalBases
- operator.reviews.providerContracts
- operator.reviews.internationalTransfers
- operator.reviews.verbis
- operator.reviews.law5651
- operator.reviews.requestChannelTested
- operator.reviews.requestOwnerAssigned
- operator.reviews.incidentResponse
- operator.reviews.retentionAndDeletion
- operator.reviews.universityPermissions
- operator.reviews.dependencyLicenses
- server.SUPABASE_SECRET_KEY (account deletion)
- server.NEXT_PUBLIC_SITE_URL
